

================================================================
== Vivado HLS Report for 'encode_upzero'
================================================================
* Date:           Sun Nov  5 12:40:16 2017

* Version:        2015.2 (Build 1266856 on Fri Jun 26 16:57:37 PM 2015)
* Project:        adpcm_prj
* Solution:       solution1
* Product family: kintex7
* Target device:  xc7k160tfbg484-2


================================================================
== Performance Estimates
================================================================
+ Timing (ns): 
    * Summary: 
    +--------+-------+----------+------------+
    |  Clock | Target| Estimated| Uncertainty|
    +--------+-------+----------+------------+
    |ap_clk  |  10.00|      8.43|        1.25|
    +--------+-------+----------+------------+

+ Latency (clock cycles): 
    * Summary: 
    +-----+-----+-----+-----+---------+
    |  Latency  |  Interval | Pipeline|
    | min | max | min | max |   Type  |
    +-----+-----+-----+-----+---------+
    |   18|   42|   18|   42|   none  |
    +-----+-----+-----+-----+---------+

    + Detail: 
        * Instance: 
        N/A

        * Loop: 
        +----------+-----+-----+----------+-----------+-----------+------+----------+
        |          |  Latency  | Iteration|  Initiation Interval  | Trip |          |
        | Loop Name| min | max |  Latency |  achieved |   target  | Count| Pipelined|
        +----------+-----+-----+----------+-----------+-----------+------+----------+
        |- Loop 1  |   12|   12|         2|          -|          -|     6|    no    |
        |- Loop 2  |   36|   36|         6|          -|          -|     6|    no    |
        +----------+-----+-----+----------+-----------+-----------+------+----------+



================================================================
== Utilization Estimates
================================================================
* Summary: 
+-----------------+---------+-------+--------+--------+
|       Name      | BRAM_18K| DSP48E|   FF   |   LUT  |
+-----------------+---------+-------+--------+--------+
|Expression       |        -|      -|       0|     142|
|FIFO             |        -|      -|       -|       -|
|Instance         |        -|      4|       0|       0|
|Memory           |        -|      -|       -|       -|
|Multiplexer      |        -|      -|       -|     117|
|Register         |        -|      -|     193|       -|
+-----------------+---------+-------+--------+--------+
|Total            |        0|      4|     193|     259|
+-----------------+---------+-------+--------+--------+
|Available        |      650|    600|  202800|  101400|
+-----------------+---------+-------+--------+--------+
|Utilization (%)  |        0|   ~0  |   ~0   |   ~0   |
+-----------------+---------+-------+--------+--------+

+ Detail: 
    * Instance: 
    +----------------------------+-------------------------+---------+-------+---+----+
    |          Instance          |          Module         | BRAM_18K| DSP48E| FF| LUT|
    +----------------------------+-------------------------+---------+-------+---+----+
    |encode_mul_32s_32s_64_3_U1  |encode_mul_32s_32s_64_3  |        0|      4|  0|   0|
    +----------------------------+-------------------------+---------+-------+---+----+
    |Total                       |                         |        0|      4|  0|   0|
    +----------------------------+-------------------------+---------+-------+---+----+

    * Memory: 
    N/A

    * FIFO: 
    N/A

    * Expression: 
    +-------------------------+----------+-------+---+----+------------+------------+
    |      Variable Name      | Operation| DSP48E| FF| LUT| Bitwidth P0| Bitwidth P1|
    +-------------------------+----------+-------+---+----+------------+------------+
    |i_4_fu_206_p2            |     +    |      0|  0|   3|           3|           1|
    |i_5_fu_188_p2            |     +    |      0|  0|   3|           3|           1|
    |tmp_48_fu_269_p2         |     +    |      0|  0|  32|          32|          32|
    |tmp_42_fu_288_p2         |     -    |      0|  0|  40|          40|          40|
    |tmp_47_fu_253_p2         |     -    |      0|  0|  40|          40|          40|
    |wd2_cast_cast_fu_234_p3  |  Select  |      0|  0|   9|           1|           9|
    |exitcond1_fu_200_p2      |   icmp   |      0|  0|   2|           3|           3|
    |exitcond_fu_182_p2       |   icmp   |      0|  0|   2|           3|           3|
    |tmp_fu_172_p2            |   icmp   |      0|  0|  11|          32|           1|
    +-------------------------+----------+-------+---+----+------------+------------+
    |Total                    |          |      0|  0| 142|         157|         130|
    +-------------------------+----------+-------+---+----+------------+------------+

    * Multiplexer: 
    +---------------+----+-----------+-----+-----------+
    |      Name     | LUT| Input Size| Bits| Total Bits|
    +---------------+----+-----------+-----+-----------+
    |ap_NS_fsm      |   6|         14|    1|         14|
    |bli_address0   |   3|          4|    3|         12|
    |bli_d0         |  32|          3|   32|         96|
    |dlti_address0  |   3|          7|    3|         21|
    |dlti_address1  |   3|          7|    3|         21|
    |dlti_d1        |  32|          5|   32|        160|
    |i_1_reg_143    |   3|          2|    3|          6|
    |i_reg_154      |   3|          2|    3|          6|
    |reg_165        |  32|          2|   32|         64|
    +---------------+----+-----------+-----+-----------+
    |Total          | 117|         46|  112|        400|
    +---------------+----+-----------+-----+-----------+

    * Register: 
    +---------------------+----+----+-----+-----------+
    |         Name        | FF | LUT| Bits| Const Bits|
    +---------------------+----+----+-----+-----------+
    |ap_CS_fsm            |  13|   0|   13|          0|
    |bli_addr_1_reg_338   |   3|   0|    3|          0|
    |bli_addr_reg_351     |   3|   0|    3|          0|
    |dlti_addr_1_reg_356  |   0|   0|    3|          3|
    |dlti_addr_3_reg_362  |   0|   0|    3|          3|
    |dlti_addr_4_reg_383  |   0|   0|    3|          3|
    |dlti_addr_5_reg_388  |   0|   0|    3|          3|
    |dlti_addr_reg_310    |   0|   0|    3|          3|
    |dlti_load_2_reg_378  |  32|   0|   32|          0|
    |dlti_load_4_reg_393  |  32|   0|   32|          0|
    |i_1_reg_143          |   3|   0|    3|          0|
    |i_4_reg_346          |   3|   0|    3|          0|
    |i_5_reg_328          |   3|   0|    3|          0|
    |i_reg_154            |   3|   0|    3|          0|
    |reg_165              |  32|   0|   32|          0|
    |tmp_61_reg_373       |   1|   0|    1|          0|
    |tmp_reg_316          |   1|   0|    1|          0|
    |tmp_s_reg_320        |  64|   0|   64|          0|
    +---------------------+----+----+-----+-----------+
    |Total                | 193|   0|  208|         15|
    +---------------------+----+----+-----+-----------+



================================================================
== Interface
================================================================
* Summary: 
+---------------+-----+-----+------------+---------------+--------------+
|   RTL Ports   | Dir | Bits|  Protocol  | Source Object |    C Type    |
+---------------+-----+-----+------------+---------------+--------------+
|ap_clk         |  in |    1| ap_ctrl_hs | encode_upzero | return value |
|ap_rst         |  in |    1| ap_ctrl_hs | encode_upzero | return value |
|ap_start       |  in |    1| ap_ctrl_hs | encode_upzero | return value |
|ap_done        | out |    1| ap_ctrl_hs | encode_upzero | return value |
|ap_idle        | out |    1| ap_ctrl_hs | encode_upzero | return value |
|ap_ready       | out |    1| ap_ctrl_hs | encode_upzero | return value |
|dlt            |  in |   32|   ap_none  |      dlt      |    scalar    |
|dlti_address0  | out |    3|  ap_memory |      dlti     |     array    |
|dlti_ce0       | out |    1|  ap_memory |      dlti     |     array    |
|dlti_we0       | out |    1|  ap_memory |      dlti     |     array    |
|dlti_d0        | out |   32|  ap_memory |      dlti     |     array    |
|dlti_q0        |  in |   32|  ap_memory |      dlti     |     array    |
|dlti_address1  | out |    3|  ap_memory |      dlti     |     array    |
|dlti_ce1       | out |    1|  ap_memory |      dlti     |     array    |
|dlti_we1       | out |    1|  ap_memory |      dlti     |     array    |
|dlti_d1        | out |   32|  ap_memory |      dlti     |     array    |
|dlti_q1        |  in |   32|  ap_memory |      dlti     |     array    |
|bli_address0   | out |    3|  ap_memory |      bli      |     array    |
|bli_ce0        | out |    1|  ap_memory |      bli      |     array    |
|bli_we0        | out |    1|  ap_memory |      bli      |     array    |
|bli_d0         | out |   32|  ap_memory |      bli      |     array    |
|bli_q0         |  in |   32|  ap_memory |      bli      |     array    |
+---------------+-----+-----+------------+---------------+--------------+

