

================================================================
== Vivado HLS Report for 'encode'
================================================================
* Date:           Sun Nov  5 12:40:16 2017

* Version:        2015.2 (Build 1266856 on Fri Jun 26 16:57:37 PM 2015)
* Project:        adpcm_prj
* Solution:       solution1
* Product family: kintex7
* Target device:  xc7k160tfbg484-2


================================================================
== Performance Estimates
================================================================
+ Timing (ns): 
    * Summary: 
    +--------+-------+----------+------------+
    |  Clock | Target| Estimated| Uncertainty|
    +--------+-------+----------+------------+
    |ap_clk  |  10.00|      8.71|        1.25|
    +--------+-------+----------+------------+

+ Latency (clock cycles): 
    * Summary: 
    +-----+-----+-----+-----+---------+
    |  Latency  |  Interval | Pipeline|
    | min | max | min | max |   Type  |
    +-----+-----+-----+-----+---------+
    |  221|  359|  222|  360|   none  |
    +-----+-----+-----+-----+---------+

    + Detail: 
        * Instance: 
        +--------------------------+---------------+-----+-----+-----+-----+---------+
        |                          |               |  Latency  |  Interval | Pipeline|
        |         Instance         |     Module    | min | max | min | max |   Type  |
        +--------------------------+---------------+-----+-----+-----+-----+---------+
        |grp_encode_upzero_fu_649  |encode_upzero  |   18|   42|   18|   42|   none  |
        +--------------------------+---------------+-----+-----+-----+-----+---------+

        * Loop: 
        +----------+-----+-----+----------+-----------+-----------+--------+----------+
        |          |  Latency  | Iteration|  Initiation Interval  |  Trip  |          |
        | Loop Name| min | max |  Latency |  achieved |   target  |  Count | Pipelined|
        +----------+-----+-----+----------+-----------+-----------+--------+----------+
        |- Loop 1  |   40|   40|         4|          -|          -|      10|    no    |
        |- Loop 2  |   44|   44|         2|          -|          -|      22|    no    |
        |- Loop 3  |   30|   30|         6|          -|          -|       5|    no    |
        |- Loop 4  |    3|   92|         3|          -|          -| 1 ~ 30 |    no    |
        |- Loop 5  |   30|   30|         6|          -|          -|       5|    no    |
        +----------+-----+-----+----------+-----------+-----------+--------+----------+



================================================================
== Utilization Estimates
================================================================
* Summary: 
+-----------------+---------+-------+--------+--------+
|       Name      | BRAM_18K| DSP48E|   FF   |   LUT  |
+-----------------+---------+-------+--------+--------+
|Expression       |        -|     14|       0|    2344|
|FIFO             |        -|      -|       -|       -|
|Instance         |        -|     56|     257|     323|
|Memory           |        6|      -|     226|      40|
|Multiplexer      |        -|      -|       -|     566|
|Register         |        -|      -|    2534|       -|
+-----------------+---------+-------+--------+--------+
|Total            |        6|     70|    3017|    3273|
+-----------------+---------+-------+--------+--------+
|Available        |      650|    600|  202800|  101400|
+-----------------+---------+-------+--------+--------+
|Utilization (%)  |    ~0   |     11|       1|       3|
+-----------------+---------+-------+--------+--------+

+ Detail: 
    * Instance: 
    +-------------------------------+---------------------------+---------+-------+-----+-----+
    |            Instance           |           Module          | BRAM_18K| DSP48E|  FF | LUT |
    +-------------------------------+---------------------------+---------+-------+-----+-----+
    |encode_mul_32s_32s_47_3_U16    |encode_mul_32s_32s_47_3    |        0|      4|    0|    0|
    |encode_mul_32s_32s_64_3_U5     |encode_mul_32s_32s_64_3    |        0|      4|    0|    0|
    |encode_mul_32s_32s_64_3_U6     |encode_mul_32s_32s_64_3    |        0|      4|    0|    0|
    |encode_mul_32s_32s_64_3_U7     |encode_mul_32s_32s_64_3    |        0|      4|    0|    0|
    |encode_mul_32s_32s_64_3_U8     |encode_mul_32s_32s_64_3    |        0|      4|    0|    0|
    |encode_mul_32s_32s_64_3_U9     |encode_mul_32s_32s_64_3    |        0|      4|    0|    0|
    |encode_mul_32s_32s_64_3_U10    |encode_mul_32s_32s_64_3    |        0|      4|    0|    0|
    |encode_mul_32s_32s_64_3_U11    |encode_mul_32s_32s_64_3    |        0|      4|    0|    0|
    |encode_mul_32s_32s_64_3_U12    |encode_mul_32s_32s_64_3    |        0|      4|    0|    0|
    |encode_mul_32s_32s_64_3_U13    |encode_mul_32s_32s_64_3    |        0|      4|    0|    0|
    |encode_mul_32s_32s_64_3_U14    |encode_mul_32s_32s_64_3    |        0|      4|    0|    0|
    |encode_mul_32s_32s_64_3_U18    |encode_mul_32s_32s_64_3    |        0|      4|    0|    0|
    |encode_mul_32s_32s_64_3_U19    |encode_mul_32s_32s_64_3    |        0|      4|    0|    0|
    |encode_mux_4to1_sel2_32_1_U15  |encode_mux_4to1_sel2_32_1  |        0|      0|   32|   32|
    |encode_mux_4to1_sel2_32_1_U17  |encode_mux_4to1_sel2_32_1  |        0|      0|   32|   32|
    |grp_encode_upzero_fu_649       |encode_upzero              |        0|      4|  193|  259|
    +-------------------------------+---------------------------+---------+-------+-----+-----+
    |Total                          |                           |        0|     56|  257|  323|
    +-------------------------------+---------------------------+---------+-------+-----+-----+

    * Memory: 
    +-------------------+------------------------+---------+----+----+------+-----+------+-------------+
    |       Memory      |         Module         | BRAM_18K| FF | LUT| Words| Bits| Banks| W*Bits*Banks|
    +-------------------+------------------------+---------+----+----+------+-----+------+-------------+
    |decis_levl_U       |encode_decis_levl       |        0|  15|   8|    30|   15|     1|          450|
    |delay_bpl_U        |encode_delay_bpl        |        0|  64|   3|     6|   32|     1|          192|
    |delay_bph_U        |encode_delay_bpl        |        0|  64|   3|     6|   32|     1|          192|
    |delay_dltx_U       |encode_delay_dltx       |        2|   0|   0|     6|   32|     1|          192|
    |delay_dhx_U        |encode_delay_dltx       |        2|   0|   0|     6|   32|     1|          192|
    |h_U                |encode_h                |        0|  30|   6|    24|   15|     1|          360|
    |ilb_table_U        |encode_ilb_table        |        0|  12|   6|    32|   12|     1|          384|
    |qq4_code4_table_U  |encode_qq4_code4_table  |        0|  16|   4|    16|   16|     1|          256|
    |quant26bt_neg_U    |encode_quant26bt_neg    |        0|   6|   3|    31|    6|     1|          186|
    |quant26bt_pos_U    |encode_quant26bt_pos    |        0|   6|   3|    31|    6|     1|          186|
    |tqmf_U             |encode_tqmf             |        2|   0|   0|    24|   32|     1|          768|
    |wl_code_table_U    |encode_wl_code_table    |        0|  13|   4|    16|   13|     1|          208|
    +-------------------+------------------------+---------+----+----+------+-----+------+-------------+
    |Total              |                        |        6| 226|  40|   228|  243|    12|         3566|
    +-------------------+------------------------+---------+----+----+------+-----+------+-------------+

    * FIFO: 
    N/A

    * Expression: 
    +--------------------------------+----------+-------+---+----+------------+------------+
    |          Variable Name         | Operation| DSP48E| FF| LUT| Bitwidth P0| Bitwidth P1|
    +--------------------------------+----------+-------+---+----+------------+------------+
    |tmp_13_fu_1371_p2               |     *    |      2|  0|   5|          32|          16|
    |tmp_25_fu_1982_p2               |     *    |      2|  0|   5|          10|          32|
    |tmp_2_fu_795_p2                 |     *    |      2|  0|   5|          15|          32|
    |tmp_6_fu_835_p2                 |     *    |      2|  0|   5|           7|          32|
    |tmp_70_i_fu_1195_p2             |     *    |      2|  0|   5|          15|          32|
    |tmp_s_fu_807_p2                 |     *    |      2|  0|   5|          15|          32|
    |xb_fu_742_p2                    |     *    |      2|  0|   5|          32|           7|
    |apl1_4_fu_2487_p2               |     +    |      0|  0|  32|          32|          32|
    |apl1_fu_1671_p2                 |     +    |      0|  0|  32|          32|          32|
    |apl2_1_fu_2440_p2               |     +    |      0|  0|  32|          32|          32|
    |apl2_fu_1624_p2                 |     +    |      0|  0|  32|          32|          32|
    |i_2_fu_764_p2                   |     +    |      0|  0|   4|           4|           1|
    |i_3_fu_945_p2                   |     +    |      0|  0|   5|           1|           5|
    |mil_fu_1181_p2                  |     +    |      0|  0|   5|           5|           1|
    |nbh_assign_1_fu_2132_p2         |     +    |      0|  0|  32|          32|          32|
    |nbl_assign_1_fu_1294_p2         |     +    |      0|  0|  32|          32|          32|
    |p_01_rec_i1_fu_1807_p2          |     +    |      0|  0|   3|           3|           1|
    |p_01_rec_i_fu_1005_p2           |     +    |      0|  0|   3|           3|           1|
    |p_sum_fu_911_p2                 |     +    |      0|  0|   5|           5|           5|
    |phitmp_fu_782_p2                |     +    |      0|  0|   5|           5|           2|
    |pl_2_fu_1102_p2                 |     +    |      0|  0|  64|          64|          64|
    |pl_5_fu_1904_p2                 |     +    |      0|  0|  64|          64|          64|
    |tmp4_fu_1614_p2                 |     +    |      0|  0|  29|          29|          29|
    |tmp5_fu_2430_p2                 |     +    |      0|  0|  29|          29|          29|
    |tmp_16_fu_1396_p2               |     +    |      0|  0|  32|          32|          32|
    |tmp_1_fu_951_p2                 |     +    |      0|  0|  51|          51|          51|
    |tmp_20_fu_1783_p2               |     +    |      0|  0|  32|          32|          32|
    |tmp_21_fu_1924_p2               |     +    |      0|  0|  32|          32|          32|
    |tmp_35_fu_2260_p2               |     +    |      0|  0|  32|          32|          32|
    |tmp_38_fu_2599_p2               |     +    |      0|  0|  32|          32|          32|
    |tmp_7_fu_1122_p2                |     +    |      0|  0|  32|          32|          32|
    |tqmf_ptr1_0_rec_fu_922_p2       |     +    |      0|  0|   6|           2|           6|
    |tqmf_ptr_0_sum_fu_928_p2        |     +    |      0|  0|   6|           5|           6|
    |xa_1_fu_845_p2                  |     +    |      0|  0|  50|          50|          50|
    |xa_2_fu_816_p2                  |     +    |      0|  0|  50|          50|          50|
    |xb_1_fu_893_p2                  |     +    |      0|  0|  50|          50|          50|
    |xb_2_fu_825_p2                  |     +    |      0|  0|  50|          50|          50|
    |zl_1_fu_1081_p2                 |     +    |      0|  0|  64|          64|          64|
    |zl_3_fu_1883_p2                 |     +    |      0|  0|  64|          64|          64|
    |apl1_2_fu_1741_p2               |     -    |      0|  0|  16|           1|          16|
    |apl1_6_fu_2557_p2               |     -    |      0|  0|  16|           1|          16|
    |apl1_8_fu_1711_p2               |     -    |      0|  0|  15|          14|          15|
    |apl1_9_fu_2527_p2               |     -    |      0|  0|  15|          14|          15|
    |el_assign_fu_1134_p2            |     -    |      0|  0|  32|          32|          32|
    |m_1_fu_2006_p2                  |     -    |      0|  0|  32|           1|          32|
    |m_fu_1157_p2                    |     -    |      0|  0|  32|           1|          32|
    |n_assign_2_fu_1940_p2           |     -    |      0|  0|  32|          32|          32|
    |tmp_5_fu_971_p2                 |     -    |      0|  0|  47|          47|          47|
    |tmp_80_i1_fu_2211_p2            |     -    |      0|  0|   4|           4|           4|
    |tmp_80_i_fu_1407_p2             |     -    |      0|  0|   4|           4|           4|
    |tmp_90_i1_fu_2414_p2            |     -    |      0|  0|  40|          40|          40|
    |tmp_90_i_fu_1598_p2             |     -    |      0|  0|  40|          40|          40|
    |tmp_9_fu_883_p2                 |     -    |      0|  0|  37|          37|          37|
    |tmp_i11_fu_2464_p2              |     -    |      0|  0|  41|          41|          41|
    |tmp_i3_fu_1274_p2               |     -    |      0|  0|  40|          40|          40|
    |tmp_i6_fu_1648_p2               |     -    |      0|  0|  41|          41|          41|
    |tmp_i9_fu_2102_p2               |     -    |      0|  0|  40|          40|          40|
    |wd2_1_fu_1534_p2                |     -    |      0|  0|  35|           1|          35|
    |wd2_3_fu_2350_p2                |     -    |      0|  0|  35|           1|          35|
    |xa_fu_728_p2                    |     -    |      0|  0|  37|          37|          37|
    |apl1_3_fu_1757_p3               |  Select  |      0|  0|  16|           1|          16|
    |apl1_7_fu_2573_p3               |  Select  |      0|  0|  16|           1|          16|
    |apl2_assign_1_fu_2509_p3        |  Select  |      0|  0|  15|           1|          15|
    |apl2_assign_fu_1693_p3          |  Select  |      0|  0|  15|           1|          15|
    |apl_i1_v_cast_cast_fu_2480_p3   |  Select  |      0|  0|   9|           1|           9|
    |apl_i_v_cast_cast_fu_1664_p3    |  Select  |      0|  0|   9|           1|           9|
    |n_assign_1_fu_1163_p3           |  Select  |      0|  0|  32|           1|          32|
    |n_assign_3_fu_2012_p3           |  Select  |      0|  0|  32|           1|          32|
    |nbl_assign_2_fu_1330_p3         |  Select  |      0|  0|  15|           1|          15|
    |nbl_assign_3_fu_2168_p3         |  Select  |      0|  0|  15|           1|          15|
    |p_i1_fu_1677_p3                 |  Select  |      0|  0|  32|           1|          14|
    |p_i2_fu_2150_p3                 |  Select  |      0|  0|  31|           1|           1|
    |p_i3_fu_2493_p3                 |  Select  |      0|  0|  32|           1|          14|
    |p_i_fu_1312_p3                  |  Select  |      0|  0|  31|           1|           1|
    |ril_2_fu_1221_p3                |  Select  |      0|  0|   6|           1|           6|
    |tmp_24_fu_2020_p3               |  Select  |      0|  0|   2|           1|           1|
    |tmp_29_fu_2039_p3               |  Select  |      0|  0|   3|           1|           1|
    |tmp_33_cast_cast_fu_1960_p3     |  Select  |      0|  0|   2|           1|           1|
    |tmp_38_cast_cast_fu_2047_p3     |  Select  |      0|  0|   2|           1|           1|
    |tmp_43_fu_1564_p3               |  Select  |      0|  0|  28|           1|          28|
    |tmp_56_fu_2380_p3               |  Select  |      0|  0|  28|           1|          28|
    |tmp_88_i1_cast_cast_fu_2391_p3  |  Select  |      0|  0|   9|           1|           9|
    |tmp_88_i_cast_cast_fu_1575_p3   |  Select  |      0|  0|   9|           1|           9|
    |wd3_0_apl1_i1_fu_2546_p3        |  Select  |      0|  0|  32|           1|          32|
    |wd3_0_apl1_i_fu_1730_p3         |  Select  |      0|  0|  32|           1|          32|
    |exitcond1_fu_1819_p2            |   icmp   |      0|  0|   2|           3|           3|
    |exitcond2_fu_758_p2             |   icmp   |      0|  0|   2|           4|           4|
    |exitcond3_fu_1017_p2            |   icmp   |      0|  0|   2|           3|           3|
    |exitcond_fu_939_p2              |   icmp   |      0|  0|   2|           5|           5|
    |tmp_101_i1_fu_2541_p2           |   icmp   |      0|  0|  11|          32|          32|
    |tmp_101_i_fu_1725_p2            |   icmp   |      0|  0|  11|          32|          32|
    |tmp_102_i1_fu_2567_p2           |   icmp   |      0|  0|  11|          32|          32|
    |tmp_102_i_fu_1751_p2            |   icmp   |      0|  0|  11|          32|          32|
    |tmp_105_i_fu_2162_p2            |   icmp   |      0|  0|  11|          31|          15|
    |tmp_28_fu_2034_p2               |   icmp   |      0|  0|  11|          32|          32|
    |tmp_67_i_fu_1175_p2             |   icmp   |      0|  0|   2|           5|           3|
    |tmp_71_i_fu_1210_p2             |   icmp   |      0|  0|  11|          32|          32|
    |tmp_78_i_fu_1324_p2             |   icmp   |      0|  0|  11|          31|          15|
    |tmp_93_i1_fu_2446_p2            |   icmp   |      0|  0|  11|          32|          14|
    |tmp_93_i_fu_1630_p2             |   icmp   |      0|  0|  11|          32|          14|
    |tmp_94_i1_fu_2503_p2            |   icmp   |      0|  0|  11|          32|          15|
    |tmp_94_i_fu_1687_p2             |   icmp   |      0|  0|  11|          32|          15|
    |wd3_2_fu_2220_p2                |   lshr   |      0|  0|  25|          12|          12|
    |wd3_fu_1416_p2                  |   lshr   |      0|  0|  25|          12|          12|
    |ap_return                       |    or    |      0|  0|  36|          32|          32|
    |tqmf_ptr_0_sum1_fu_770_p2       |    or    |      0|  0|   6|           5|           1|
    +--------------------------------+----------+-------+---+----+------------+------------+
    |Total                           |          |     14|  0|2344|        2065|        2498|
    +--------------------------------+----------+-------+---+----+------------+------------+

    * Multiplexer: 
    +----------------------------------+-----+-----------+-----+-----------+
    |               Name               | LUT | Input Size| Bits| Total Bits|
    +----------------------------------+-----+-----------+-----+-----------+
    |ap_NS_fsm                         |  102|         56|    1|         56|
    |delay_bph_address0                |    3|          4|    3|         12|
    |delay_bph_ce0                     |    1|          3|    1|          3|
    |delay_bph_we0                     |    1|          2|    1|          2|
    |delay_bpl_address0                |    3|          4|    3|         12|
    |delay_bpl_ce0                     |    1|          3|    1|          3|
    |delay_bpl_we0                     |    1|          2|    1|          2|
    |delay_dhx_address0                |    3|          4|    3|         12|
    |delay_dhx_ce0                     |    1|          3|    1|          3|
    |delay_dhx_ce1                     |    1|          2|    1|          2|
    |delay_dhx_we0                     |    1|          2|    1|          2|
    |delay_dhx_we1                     |    1|          2|    1|          2|
    |delay_dltx_address0               |    3|          4|    3|         12|
    |delay_dltx_ce0                    |    1|          3|    1|          3|
    |delay_dltx_ce1                    |    1|          2|    1|          2|
    |delay_dltx_we0                    |    1|          2|    1|          2|
    |delay_dltx_we1                    |    1|          2|    1|          2|
    |dlt_pn_rec_i1_reg_628             |    3|          2|    3|          6|
    |dlt_pn_rec_i_reg_595              |    3|          2|    3|          6|
    |grp_encode_upzero_fu_649_bli_q0   |   32|          3|   32|         96|
    |grp_encode_upzero_fu_649_dlt      |   32|          3|   32|         96|
    |grp_encode_upzero_fu_649_dlti_q0  |   32|          3|   32|         96|
    |grp_encode_upzero_fu_649_dlti_q1  |   32|          3|   32|         96|
    |i_1_reg_574                       |    5|          2|    5|         10|
    |i_reg_532                         |    4|          2|    4|          8|
    |ih                                |    2|          2|    2|          4|
    |ih_assign_phi_fu_642_p4           |    2|          3|    2|          6|
    |ih_assign_reg_639                 |    2|          2|    2|          4|
    |ilb_table_address0                |    5|          3|    5|         15|
    |mil_i_reg_606                     |    5|          2|    5|         10|
    |tqmf_address0                     |    5|          5|    5|         25|
    |tqmf_address1                     |    5|          6|    5|         30|
    |tqmf_d1                           |   32|          3|   32|         96|
    |tqmf_ptr_0_pn_rec_reg_563         |    6|          2|    6|         12|
    |tqmf_ptr_0_rec_reg_521            |    5|          2|    5|         10|
    |xa1_reg_543                       |   50|          2|   50|        100|
    |xb1_reg_553                       |   50|          2|   50|        100|
    |zl1_i1_reg_618                    |   64|          2|   64|        128|
    |zl1_i_reg_585                     |   64|          2|   64|        128|
    +----------------------------------+-----+-----------+-----+-----------+
    |Total                             |  566|        158|  465|       1214|
    +----------------------------------+-----+-----------+-----+-----------+

    * Register: 
    +------------------------------------------------+----+----+-----+-----------+
    |                      Name                      | FF | LUT| Bits| Const Bits|
    +------------------------------------------------+----+----+-----+-----------+
    |ah1                                             |  32|   0|   32|          0|
    |ah2                                             |  32|   0|   32|          0|
    |al1                                             |  32|   0|   32|          0|
    |al2                                             |  32|   0|   32|          0|
    |ap_CS_fsm                                       |  55|   0|   55|          0|
    |apl1_4_reg_3174                                 |  32|   0|   32|          0|
    |apl1_reg_2997                                   |  32|   0|   32|          0|
    |apl2_1_reg_3164                                 |  32|   0|   32|          0|
    |apl2_reg_2987                                   |  32|   0|   32|          0|
    |decis_levl_load_reg_2897                        |  15|   0|   15|          0|
    |deth                                            |  12|   0|   32|         20|
    |detl                                            |  12|   0|   32|         20|
    |dh                                              |  32|   0|   32|          0|
    |dlt                                             |  32|   0|   32|          0|
    |dlt_pn_rec_i1_reg_628                           |   3|   0|    3|          0|
    |dlt_pn_rec_i_reg_595                            |   3|   0|    3|          0|
    |grp_encode_upzero_fu_649_ap_start_ap_start_reg  |   1|   0|    1|          0|
    |h_load_reg_2696                                 |  15|   0|   15|          0|
    |h_ptr_load_reg_2706                             |  15|   0|   15|          0|
    |i_1_reg_574                                     |   5|   0|    5|          0|
    |i_2_reg_2676                                    |   4|   0|    4|          0|
    |i_3_reg_2769                                    |   5|   0|    5|          0|
    |i_reg_532                                       |   4|   0|    4|          0|
    |ih                                              |   2|   0|   32|         30|
    |ih_assign_reg_639                               |   2|   0|    2|          0|
    |il                                              |   6|   0|   32|         26|
    |mil_i_reg_606                                   |   5|   0|    5|          0|
    |mil_reg_2887                                    |   5|   0|    5|          0|
    |n_assign_1_reg_2872                             |  32|   0|   32|          0|
    |n_assign_3_reg_3098                             |  32|   0|   32|          0|
    |nbh                                             |  15|   0|   32|         17|
    |nbl                                             |  15|   0|   32|         17|
    |p_01_rec_i1_reg_3008                            |   3|   0|    3|          0|
    |p_01_rec_i_reg_2794                             |   3|   0|    3|          0|
    |ph                                              |  32|   0|   32|          0|
    |ph1                                             |  32|   0|   32|          0|
    |ph2                                             |  32|   0|   32|          0|
    |phitmp_reg_2691                                 |   5|   0|    5|          0|
    |pl_1_reg_2852                                   |  64|   0|   64|          0|
    |pl_4_reg_3066                                   |  64|   0|   64|          0|
    |plt                                             |  32|   0|   32|          0|
    |plt1                                            |  32|   0|   32|          0|
    |plt2                                            |  32|   0|   32|          0|
    |qq4_code4_table_load_reg_2925                   |  16|   0|   16|          0|
    |reg_684                                         |  32|   0|   32|          0|
    |reg_688                                         |  32|   0|   32|          0|
    |reg_692                                         |  32|   0|   32|          0|
    |reg_696                                         |  32|   0|   32|          0|
    |reg_700                                         |  32|   0|   32|          0|
    |rh1                                             |  32|   0|   32|          0|
    |rh2                                             |  32|   0|   32|          0|
    |rlt1                                            |  32|   0|   32|          0|
    |rlt2                                            |  32|   0|   32|          0|
    |sh                                              |  32|   0|   32|          0|
    |sl                                              |  32|   0|   32|          0|
    |tmp_14_reg_2940                                 |  32|   0|   32|          0|
    |tmp_23_reg_2867                                 |   1|   0|    1|          0|
    |tmp_27_reg_3093                                 |  30|   0|   30|          0|
    |tmp_2_reg_2711                                  |  46|   0|   46|          0|
    |tmp_30_reg_3111                                 |  32|   0|   32|          0|
    |tmp_33_reg_3131                                 |  32|   0|   32|          0|
    |tmp_34_cast1_reg_3103                           |  12|   0|   47|         35|
    |tmp_39_reg_2976                                 |   1|   0|    1|          0|
    |tmp_3_reg_2746                                  |  47|   0|   47|          0|
    |tmp_44_reg_2982                                 |   1|   0|    1|          0|
    |tmp_49_reg_3081                                 |   1|   0|    1|          0|
    |tmp_4_reg_2774                                  |  32|   0|   32|          0|
    |tmp_54_reg_3153                                 |   1|   0|    1|          0|
    |tmp_57_reg_3159                                 |   1|   0|    1|          0|
    |tmp_63_i2_reg_3076                              |  32|   0|   32|          0|
    |tmp_63_i_reg_2862                               |  32|   0|   32|          0|
    |tmp_64_i1_reg_2857                              |  64|   0|   64|          0|
    |tmp_64_i2_reg_3071                              |  64|   0|   64|          0|
    |tmp_66_i3_reg_3056                              |  64|   0|   64|          0|
    |tmp_66_i_reg_2842                               |  64|   0|   64|          0|
    |tmp_67_i_reg_2883                               |   1|   0|    1|          0|
    |tmp_93_i1_reg_3169                              |   1|   0|    1|          0|
    |tmp_93_i_reg_2992                               |   1|   0|    1|          0|
    |tmp_i2_cast_reg_2877                            |  12|   0|   47|         35|
    |tmp_reg_2736                                    |  47|   0|   47|          0|
    |tmp_s_reg_2716                                  |  46|   0|   46|          0|
    |tqmf_addr_2_reg_2751                            |   5|   0|    5|          0|
    |tqmf_ptr1_0_rec_reg_2756                        |   6|   0|    6|          0|
    |tqmf_ptr_0_pn_rec_reg_563                       |   6|   0|    6|          0|
    |tqmf_ptr_0_rec_reg_521                          |   5|   0|    5|          0|
    |tqmf_ptr_load_reg_2701                          |  32|   0|   32|          0|
    |wd1_reg_2930                                    |   5|   0|    5|          0|
    |wd2_4_cast_reg_3121                             |   4|   0|    4|          0|
    |wd2_cast_reg_2935                               |   4|   0|    4|          0|
    |xa1_reg_543                                     |  50|   0|   50|          0|
    |xa_1_cast1_reg_2731                             |  50|   0|   51|          1|
    |xb1_reg_553                                     |  50|   0|   50|          0|
    |xb_1_cast1_reg_2741                             |  50|   0|   51|          1|
    |xh                                              |  32|   0|   32|          0|
    |zl1_i1_reg_618                                  |  64|   0|   64|          0|
    |zl1_i_reg_585                                   |  64|   0|   64|          0|
    |zl_2_reg_3003                                   |  64|   0|   64|          0|
    |zl_reg_2789                                     |  64|   0|   64|          0|
    +------------------------------------------------+----+----+-----+-----------+
    |Total                                           |2534|   0| 2736|        202|
    +------------------------------------------------+----+----+-----+-----------+



================================================================
== Interface
================================================================
* Summary: 
+-----------+-----+-----+------------+--------------+--------------+
| RTL Ports | Dir | Bits|  Protocol  | Source Object|    C Type    |
+-----------+-----+-----+------------+--------------+--------------+
|ap_clk     |  in |    1| ap_ctrl_hs |    encode    | return value |
|ap_rst     |  in |    1| ap_ctrl_hs |    encode    | return value |
|ap_start   |  in |    1| ap_ctrl_hs |    encode    | return value |
|ap_done    | out |    1| ap_ctrl_hs |    encode    | return value |
|ap_idle    | out |    1| ap_ctrl_hs |    encode    | return value |
|ap_ready   | out |    1| ap_ctrl_hs |    encode    | return value |
|ap_return  | out |   32| ap_ctrl_hs |    encode    | return value |
|xin1       |  in |   32|   ap_none  |     xin1     |    scalar    |
|xin2       |  in |   32|   ap_none  |     xin2     |    scalar    |
+-----------+-----+-----+------------+--------------+--------------+

